2026-03-10 01:17:27,587 - aqt.main - INFO - installer 128409082052672 aqtinstall(aqt) v3.3.0 on Python 3.11.2 [CPython GCC 12.2.0]
2026-03-10 01:17:28,774 - aqt.main - INFO - installer 128409082052672 Downloading Qt installer to /home/dev/.local/share/aqt/tmp/qt-online-installer-linux-x64-online.run
2026-03-10 01:17:28,774 - aqt.helper - DEBUG - helper 128409082052672 Attempt to download checksum at https://download.qt.io/official_releases/online_installers/qt-online-installer-linux-x64-online.run.sha256
2026-03-10 01:17:31,121 - aqt.helper - DEBUG - helper 128409082052672 Asked to redirect(302) to: https://mirror.aarnet.edu.au/pub/qtproject/archive/online_installers/4.10/qt-online-installer-linux-x64-4.10.0.run
2026-03-10 01:17:31,121 - aqt.helper - INFO - helper 128409082052672 Redirected: mirror.aarnet.edu.au
2026-03-10 01:17:34,815 - aqt.main - INFO - installer 128409082052672 [0] Arguments: /home/dev/.local/share/aqt/tmp/qt-online-installer-linux-x64-online.run, --accept-licenses, --accept-obligations, --confirm-command, search
[5] Operations sanity check succeeded.
[5] Using metadata cache from "/home/dev/.cache/qt-unified-linux-online"
[5] Found 0 cached items.
[5] Reading Qt Account settings from disk: "/home/dev/.local/share/Qt/qtaccount.ini"
[5] Warning: Qt Account settings file [/home/dev/.local/share/Qt/qtaccount.ini] does not exist.
[5] Warning: Could not find Qt Account.
[5] QtAccount information:
[5] Login completed: false
[5] Email: ""
[5] Total number of licenses: 0
[5] Account type: 3
[1445] Warning: No QtAccount credentials found. Please login via the maintenance tool of the SDK.
[2487] Warning: Network error: [ QNetworkReply::ProtocolInvalidOperationError ] "Invalid password"
[2487] Warning: Invalid password
[2487] Warning: Invalid password
[2487] Warning: No valid license found.

2026-03-10 01:19:18,771 - aqt.helper - DEBUG - helper 140696498061376 Attempt to download checksum at https://download.qt.io/online/qtsdkrepository/linux_x64/desktop/qt6_6110/qt6_6110/Updates.xml.sha256
2026-03-10 01:19:30,768 - aqt.helper - DEBUG - helper 133954127343680 Attempt to download checksum at https://download.qt.io/online/qtsdkrepository/linux_x64/desktop/qt6_6110/qt6_6110/Updates.xml.sha256
2026-03-10 01:19:33,124 - aqt.helper - DEBUG - helper 133954127343680 Attempt to download checksum at https://download.qt.io/online/qtsdkrepository/linux_x64/extensions/qtpdf/6110/x86_64/Updates.xml.sha256
2026-03-10 01:19:35,465 - aqt.helper - DEBUG - helper 133954127343680 Attempt to download checksum at https://download.qt.io/online/qtsdkrepository/linux_x64/extensions/qtwebengine/6110/x86_64/Updates.xml.sha256
2026-03-10 01:20:34,693 - aqt.main - INFO - installer 128404800774208 aqtinstall(aqt) v3.3.0 on Python 3.11.2 [CPython GCC 12.2.0]
2026-03-10 01:20:34,694 - aqt.helper - DEBUG - helper 128404800774208 Attempt to download checksum at https://download.qt.io/online/qtsdkrepository/linux_x64/desktop/qt6_6110/qt6_6110/Updates.xml.sha256
2026-03-10 01:20:37,057 - aqt.helper - DEBUG - helper 128404800774208 Attempt to download checksum at https://download.qt.io/online/qtsdkrepository/linux_x64/extensions/qtwebengine/6110/x86_64/Updates.xml.sha256
2026-03-10 01:20:39,392 - aqt.archives - INFO - archives 128404800774208 Found extension qtwebengine
2026-03-10 01:20:39,392 - aqt.helper - DEBUG - helper 128404800774208 Attempt to download checksum at https://download.qt.io/online/qtsdkrepository/linux_x64/extensions/qtpdf/6110/x86_64/Updates.xml.sha256
2026-03-10 01:20:41,715 - aqt.archives - INFO - archives 128404800774208 Found extension qtpdf
2026-03-10 01:20:41,938 - aqt.helper - DEBUG - helper 128914267521088 Attempt to download checksum at https://download.qt.io/online/qtsdkrepository/linux_x64/desktop/qt6_6110/qt6_6110/qt.qt6.6110.addons.qttasktree.linux_gcc_64/6.11.0-0-202602270451qttasktree-Linux-RHEL_9_6-GCC-Linux-RHEL_9_6-X86_64.7z.sha256
2026-03-10 01:20:41,938 - aqt.helper - DEBUG - helper 131999380078656 Attempt to download checksum at https://download.qt.io/online/qtsdkrepository/linux_x64/desktop/qt6_6110/qt6_6110/qt.qt6.6110.linux_gcc_64/6.11.0-0-202602270451qtbase-Linux-RHEL_9_6-GCC-Linux-RHEL_9_6-X86_64.7z.sha256
2026-03-10 01:20:41,938 - aqt.helper - DEBUG - helper 138355371991104 Attempt to download checksum at https://download.qt.io/online/qtsdkrepository/linux_x64/desktop/qt6_6110/qt6_6110/qt.qt6.6110.linux_gcc_64/6.11.0-0-202602270451qtsvg-Linux-RHEL_9_6-GCC-Linux-RHEL_9_6-X86_64.7z.sha256
2026-03-10 01:20:41,941 - aqt.helper - DEBUG - helper 126021520982080 Attempt to download checksum at https://download.qt.io/online/qtsdkrepository/linux_x64/desktop/qt6_6110/qt6_6110/qt.qt6.6110.linux_gcc_64/6.11.0-0-202602270451qtdeclarative-Linux-RHEL_9_6-GCC-Linux-RHEL_9_6-X86_64.7z.sha256
2026-03-10 01:20:43,110 - aqt.helper - INFO - helper 138355371991104 Downloading qtsvg...
2026-03-10 01:20:43,110 - aqt.installer - DEBUG - installer 138355371991104 Download URL: https://download.qt.io/online/qtsdkrepository/linux_x64/desktop/qt6_6110/qt6_6110/qt.qt6.6110.linux_gcc_64/6.11.0-0-202602270451qtsvg-Linux-RHEL_9_6-GCC-Linux-RHEL_9_6-X86_64.7z
2026-03-10 01:20:43,112 - aqt.helper - INFO - helper 131999380078656 Downloading qtbase...
2026-03-10 01:20:43,112 - aqt.installer - DEBUG - installer 131999380078656 Download URL: https://download.qt.io/online/qtsdkrepository/linux_x64/desktop/qt6_6110/qt6_6110/qt.qt6.6110.linux_gcc_64/6.11.0-0-202602270451qtbase-Linux-RHEL_9_6-GCC-Linux-RHEL_9_6-X86_64.7z
2026-03-10 01:20:43,115 - aqt.helper - INFO - helper 128914267521088 Downloading qttasktree...
2026-03-10 01:20:43,116 - aqt.installer - DEBUG - installer 128914267521088 Download URL: https://download.qt.io/online/qtsdkrepository/linux_x64/desktop/qt6_6110/qt6_6110/qt.qt6.6110.addons.qttasktree.linux_gcc_64/6.11.0-0-202602270451qttasktree-Linux-RHEL_9_6-GCC-Linux-RHEL_9_6-X86_64.7z
2026-03-10 01:20:43,121 - aqt.helper - INFO - helper 126021520982080 Downloading qtdeclarative...
2026-03-10 01:20:43,121 - aqt.installer - DEBUG - installer 126021520982080 Download URL: https://download.qt.io/online/qtsdkrepository/linux_x64/desktop/qt6_6110/qt6_6110/qt.qt6.6110.linux_gcc_64/6.11.0-0-202602270451qtdeclarative-Linux-RHEL_9_6-GCC-Linux-RHEL_9_6-X86_64.7z
2026-03-10 01:20:44,265 - aqt.helper - DEBUG - helper 131999380078656 Asked to redirect(302) to: https://mirror.aarnet.edu.au/pub/qtproject/online/qtsdkrepository/linux_x64/desktop/qt6_6110/qt6_6110/qt.qt6.6110.linux_gcc_64/6.11.0-0-202602270451qtbase-Linux-RHEL_9_6-GCC-Linux-RHEL_9_6-X86_64.7z
2026-03-10 01:20:44,265 - aqt.helper - INFO - helper 131999380078656 Redirected: mirror.aarnet.edu.au
2026-03-10 01:20:44,271 - aqt.helper - DEBUG - helper 138355371991104 Asked to redirect(302) to: https://mirror.aarnet.edu.au/pub/qtproject/online/qtsdkrepository/linux_x64/desktop/qt6_6110/qt6_6110/qt.qt6.6110.linux_gcc_64/6.11.0-0-202602270451qtsvg-Linux-RHEL_9_6-GCC-Linux-RHEL_9_6-X86_64.7z
2026-03-10 01:20:44,271 - aqt.helper - INFO - helper 138355371991104 Redirected: mirror.aarnet.edu.au
2026-03-10 01:20:44,289 - aqt.helper - DEBUG - helper 128914267521088 Asked to redirect(302) to: https://mirror.aarnet.edu.au/pub/qtproject/online/qtsdkrepository/linux_x64/desktop/qt6_6110/qt6_6110/qt.qt6.6110.addons.qttasktree.linux_gcc_64/6.11.0-0-202602270451qttasktree-Linux-RHEL_9_6-GCC-Linux-RHEL_9_6-X86_64.7z
2026-03-10 01:20:44,289 - aqt.helper - INFO - helper 128914267521088 Redirected: mirror.aarnet.edu.au
2026-03-10 01:20:44,301 - aqt.helper - DEBUG - helper 126021520982080 Asked to redirect(302) to: https://mirror.aarnet.edu.au/pub/qtproject/online/qtsdkrepository/linux_x64/desktop/qt6_6110/qt6_6110/qt.qt6.6110.linux_gcc_64/6.11.0-0-202602270451qtdeclarative-Linux-RHEL_9_6-GCC-Linux-RHEL_9_6-X86_64.7z
2026-03-10 01:20:44,301 - aqt.helper - INFO - helper 126021520982080 Redirected: mirror.aarnet.edu.au
2026-03-10 01:20:44,401 - aqt.installer - INFO - installer 138355371991104 Finished installation of qtsvg-Linux-RHEL_9_6-GCC-Linux-RHEL_9_6-X86_64.7z in 2.46414448
2026-03-10 01:20:44,410 - aqt.helper - DEBUG - helper 138355371991104 Attempt to download checksum at https://download.qt.io/online/qtsdkrepository/linux_x64/desktop/qt6_6110/qt6_6110/qt.qt6.6110.linux_gcc_64/6.11.0-0-202602270451qtdoc-Linux-RHEL_9_6-GCC-Linux-RHEL_9_6-X86_64.7z.sha256
2026-03-10 01:20:44,415 - aqt.installer - INFO - installer 128914267521088 Finished installation of qttasktree-Linux-RHEL_9_6-GCC-Linux-RHEL_9_6-X86_64.7z in 2.47903003
2026-03-10 01:20:44,423 - aqt.helper - DEBUG - helper 128914267521088 Attempt to download checksum at https://download.qt.io/online/qtsdkrepository/linux_x64/desktop/qt6_6110/qt6_6110/qt.qt6.6110.linux_gcc_64/6.11.0-0-202602270451qttools-Linux-RHEL_9_6-GCC-Linux-RHEL_9_6-X86_64.7z.sha256
2026-03-10 01:20:45,623 - aqt.helper - INFO - helper 128914267521088 Downloading qttools...
2026-03-10 01:20:45,624 - aqt.installer - DEBUG - installer 128914267521088 Download URL: https://download.qt.io/online/qtsdkrepository/linux_x64/desktop/qt6_6110/qt6_6110/qt.qt6.6110.linux_gcc_64/6.11.0-0-202602270451qttools-Linux-RHEL_9_6-GCC-Linux-RHEL_9_6-X86_64.7z
2026-03-10 01:20:45,633 - aqt.helper - INFO - helper 138355371991104 Downloading qtdoc...
2026-03-10 01:20:45,633 - aqt.installer - DEBUG - installer 138355371991104 Download URL: https://download.qt.io/online/qtsdkrepository/linux_x64/desktop/qt6_6110/qt6_6110/qt.qt6.6110.linux_gcc_64/6.11.0-0-202602270451qtdoc-Linux-RHEL_9_6-GCC-Linux-RHEL_9_6-X86_64.7z
2026-03-10 01:20:46,815 - aqt.helper - DEBUG - helper 138355371991104 Asked to redirect(302) to: https://mirror.aarnet.edu.au/pub/qtproject/online/qtsdkrepository/linux_x64/desktop/qt6_6110/qt6_6110/qt.qt6.6110.linux_gcc_64/6.11.0-0-202602270451qtdoc-Linux-RHEL_9_6-GCC-Linux-RHEL_9_6-X86_64.7z
2026-03-10 01:20:46,815 - aqt.helper - INFO - helper 138355371991104 Redirected: mirror.aarnet.edu.au
2026-03-10 01:20:47,042 - aqt.installer - INFO - installer 138355371991104 Finished installation of qtdoc-Linux-RHEL_9_6-GCC-Linux-RHEL_9_6-X86_64.7z in 2.63266270
2026-03-10 01:20:47,053 - aqt.helper - DEBUG - helper 138355371991104 Attempt to download checksum at https://download.qt.io/online/qtsdkrepository/linux_x64/desktop/qt6_6110/qt6_6110/qt.qt6.6110.linux_gcc_64/6.11.0-0-202602270451qttranslations-Linux-RHEL_9_6-GCC-Linux-RHEL_9_6-X86_64.7z.sha256
2026-03-10 01:20:47,623 - aqt.helper - DEBUG - helper 128914267521088 Asked to redirect(302) to: https://mirror.aarnet.edu.au/pub/qtproject/online/qtsdkrepository/linux_x64/desktop/qt6_6110/qt6_6110/qt.qt6.6110.linux_gcc_64/6.11.0-0-202602270451qttools-Linux-RHEL_9_6-GCC-Linux-RHEL_9_6-X86_64.7z
2026-03-10 01:20:47,623 - aqt.helper - INFO - helper 128914267521088 Redirected: mirror.aarnet.edu.au
2026-03-10 01:20:47,912 - aqt.installer - INFO - installer 131999380078656 Finished installation of qtbase-Linux-RHEL_9_6-GCC-Linux-RHEL_9_6-X86_64.7z in 5.97558680
2026-03-10 01:20:47,925 - aqt.helper - DEBUG - helper 131999380078656 Attempt to download checksum at https://download.qt.io/online/qtsdkrepository/linux_x64/desktop/qt6_6110/qt6_6110/qt.qt6.6110.linux_gcc_64/6.11.0-0-202602270451qtwayland-Linux-RHEL_9_6-GCC-Linux-RHEL_9_6-X86_64.7z.sha256
2026-03-10 01:20:48,207 - aqt.helper - INFO - helper 138355371991104 Downloading qttranslations...
2026-03-10 01:20:48,207 - aqt.installer - DEBUG - installer 138355371991104 Download URL: https://download.qt.io/online/qtsdkrepository/linux_x64/desktop/qt6_6110/qt6_6110/qt.qt6.6110.linux_gcc_64/6.11.0-0-202602270451qttranslations-Linux-RHEL_9_6-GCC-Linux-RHEL_9_6-X86_64.7z
2026-03-10 01:20:49,096 - aqt.helper - INFO - helper 131999380078656 Downloading qtwayland...
2026-03-10 01:20:49,096 - aqt.installer - DEBUG - installer 131999380078656 Download URL: https://download.qt.io/online/qtsdkrepository/linux_x64/desktop/qt6_6110/qt6_6110/qt.qt6.6110.linux_gcc_64/6.11.0-0-202602270451qtwayland-Linux-RHEL_9_6-GCC-Linux-RHEL_9_6-X86_64.7z
2026-03-10 01:20:49,369 - aqt.helper - DEBUG - helper 138355371991104 Asked to redirect(302) to: https://mirror.aarnet.edu.au/pub/qtproject/online/qtsdkrepository/linux_x64/desktop/qt6_6110/qt6_6110/qt.qt6.6110.linux_gcc_64/6.11.0-0-202602270451qttranslations-Linux-RHEL_9_6-GCC-Linux-RHEL_9_6-X86_64.7z
2026-03-10 01:20:49,369 - aqt.helper - INFO - helper 138355371991104 Redirected: mirror.aarnet.edu.au
2026-03-10 01:20:49,622 - aqt.installer - INFO - installer 138355371991104 Finished installation of qttranslations-Linux-RHEL_9_6-GCC-Linux-RHEL_9_6-X86_64.7z in 2.56998182
2026-03-10 01:20:49,632 - aqt.helper - DEBUG - helper 138355371991104 Attempt to download checksum at https://download.qt.io/online/qtsdkrepository/linux_x64/desktop/qt6_6110/qt6_6110/qt.qt6.6110.linux_gcc_64/6.11.0-0-202602270451icu-linux-Rhel8.6-x86_64.7z.sha256
2026-03-10 01:20:49,853 - aqt.installer - INFO - installer 128914267521088 Finished installation of qttools-Linux-RHEL_9_6-GCC-Linux-RHEL_9_6-X86_64.7z in 5.43062214
2026-03-10 01:20:50,263 - aqt.helper - DEBUG - helper 131999380078656 Asked to redirect(302) to: https://mirror.aarnet.edu.au/pub/qtproject/online/qtsdkrepository/linux_x64/desktop/qt6_6110/qt6_6110/qt.qt6.6110.linux_gcc_64/6.11.0-0-202602270451qtwayland-Linux-RHEL_9_6-GCC-Linux-RHEL_9_6-X86_64.7z
2026-03-10 01:20:50,263 - aqt.helper - INFO - helper 131999380078656 Redirected: mirror.aarnet.edu.au
2026-03-10 01:20:50,328 - aqt.installer - INFO - installer 131999380078656 Finished installation of qtwayland-Linux-RHEL_9_6-GCC-Linux-RHEL_9_6-X86_64.7z in 2.40496281
2026-03-10 01:20:50,803 - aqt.helper - INFO - helper 138355371991104 Downloading icu...
2026-03-10 01:20:50,803 - aqt.installer - DEBUG - installer 138355371991104 Download URL: https://download.qt.io/online/qtsdkrepository/linux_x64/desktop/qt6_6110/qt6_6110/qt.qt6.6110.linux_gcc_64/6.11.0-0-202602270451icu-linux-Rhel8.6-x86_64.7z
2026-03-10 01:20:51,961 - aqt.helper - DEBUG - helper 138355371991104 Asked to redirect(302) to: https://mirror.aarnet.edu.au/pub/qtproject/online/qtsdkrepository/linux_x64/desktop/qt6_6110/qt6_6110/qt.qt6.6110.linux_gcc_64/6.11.0-0-202602270451icu-linux-Rhel8.6-x86_64.7z
2026-03-10 01:20:51,961 - aqt.helper - INFO - helper 138355371991104 Redirected: mirror.aarnet.edu.au
2026-03-10 01:20:52,708 - aqt.installer - INFO - installer 138355371991104 Finished installation of icu-linux-Rhel8.6-x86_64.7z in 3.07702689
2026-03-10 01:20:57,191 - aqt.installer - INFO - installer 126021520982080 Finished installation of qtdeclarative-Linux-RHEL_9_6-GCC-Linux-RHEL_9_6-X86_64.7z in 15.25167897
2026-03-10 01:20:57,287 - aqt.updater - INFO - updater 128404800774208 Patching /opt/qt/6.11.0/gcc_64/bin/qmake
2026-03-10 01:20:57,295 - aqt.updater - INFO - updater 128404800774208 Patching /opt/qt/6.11.0/gcc_64/lib/pkgconfig/Qt6QmlWorkerScript.pc
2026-03-10 01:20:57,295 - aqt.updater - INFO - updater 128404800774208 Patching /opt/qt/6.11.0/gcc_64/lib/pkgconfig/Qt6Quick3DUtils.pc
2026-03-10 01:20:57,295 - aqt.updater - INFO - updater 128404800774208 Patching /opt/qt/6.11.0/gcc_64/lib/pkgconfig/Qt6Quick3DParticles.pc
2026-03-10 01:20:57,295 - aqt.updater - INFO - updater 128404800774208 Patching /opt/qt/6.11.0/gcc_64/lib/pkgconfig/Qt6QmlCore.pc
2026-03-10 01:20:57,296 - aqt.updater - INFO - updater 128404800774208 Patching /opt/qt/6.11.0/gcc_64/lib/pkgconfig/Qt6PrintSupport.pc
2026-03-10 01:20:57,296 - aqt.updater - INFO - updater 128404800774208 Patching /opt/qt/6.11.0/gcc_64/lib/pkgconfig/Qt6QmlIntegration.pc
2026-03-10 01:20:57,296 - aqt.updater - INFO - updater 128404800774208 Patching /opt/qt/6.11.0/gcc_64/lib/pkgconfig/Qt6QuickControls2BasicStyleImpl.pc
2026-03-10 01:20:57,296 - aqt.updater - INFO - updater 128404800774208 Patching /opt/qt/6.11.0/gcc_64/lib/pkgconfig/Qt6QuickDialogs2.pc
2026-03-10 01:20:57,296 - aqt.updater - INFO - updater 128404800774208 Patching /opt/qt/6.11.0/gcc_64/lib/pkgconfig/Qt6QuickControls2Universal.pc
2026-03-10 01:20:57,296 - aqt.updater - INFO - updater 128404800774208 Patching /opt/qt/6.11.0/gcc_64/lib/pkgconfig/Qt6QmlNetwork.pc
2026-03-10 01:20:57,297 - aqt.updater - INFO - updater 128404800774208 Patching /opt/qt/6.11.0/gcc_64/lib/pkgconfig/Qt6QuickControls2Impl.pc
2026-03-10 01:20:57,297 - aqt.updater - INFO - updater 128404800774208 Patching /opt/qt/6.11.0/gcc_64/lib/pkgconfig/Qt6UiTools.pc
2026-03-10 01:20:57,297 - aqt.updater - INFO - updater 128404800774208 Patching /opt/qt/6.11.0/gcc_64/lib/pkgconfig/Qt6Platform.pc
2026-03-10 01:20:57,297 - aqt.updater - INFO - updater 128404800774208 Patching /opt/qt/6.11.0/gcc_64/lib/pkgconfig/Qt6UiPlugin.pc
2026-03-10 01:20:57,297 - aqt.updater - INFO - updater 128404800774208 Patching /opt/qt/6.11.0/gcc_64/lib/pkgconfig/Qt6Quick3DHelpers.pc
2026-03-10 01:20:57,297 - aqt.updater - INFO - updater 128404800774208 Patching /opt/qt/6.11.0/gcc_64/lib/pkgconfig/Qt6Quick3DEffects.pc
2026-03-10 01:20:57,298 - aqt.updater - INFO - updater 128404800774208 Patching /opt/qt/6.11.0/gcc_64/lib/pkgconfig/Qt6QuickShapes.pc
2026-03-10 01:20:57,298 - aqt.updater - INFO - updater 128404800774208 Patching /opt/qt/6.11.0/gcc_64/lib/pkgconfig/Qt6Sql.pc
2026-03-10 01:20:57,298 - aqt.updater - INFO - updater 128404800774208 Patching /opt/qt/6.11.0/gcc_64/lib/pkgconfig/Qt6QuickDialogs2QuickImpl.pc
2026-03-10 01:20:57,298 - aqt.updater - INFO - updater 128404800774208 Patching /opt/qt/6.11.0/gcc_64/lib/pkgconfig/Qt6QuickVectorImage.pc
2026-03-10 01:20:57,298 - aqt.updater - INFO - updater 128404800774208 Patching /opt/qt/6.11.0/gcc_64/lib/pkgconfig/Qt6ShaderTools.pc
2026-03-10 01:20:57,299 - aqt.updater - INFO - updater 128404800774208 Patching /opt/qt/6.11.0/gcc_64/lib/pkgconfig/Qt6Quick3DIblBaker.pc
2026-03-10 01:20:57,299 - aqt.updater - INFO - updater 128404800774208 Patching /opt/qt/6.11.0/gcc_64/lib/pkgconfig/Qt6OpenGL.pc
2026-03-10 01:20:57,299 - aqt.updater - INFO - updater 128404800774208 Patching /opt/qt/6.11.0/gcc_64/lib/pkgconfig/Qt6QuickControls2UniversalStyleImpl.pc
2026-03-10 01:20:57,299 - aqt.updater - INFO - updater 128404800774208 Patching /opt/qt/6.11.0/gcc_64/lib/pkgconfig/Qt6LabsStyleKit.pc
2026-03-10 01:20:57,299 - aqt.updater - INFO - updater 128404800774208 Patching /opt/qt/6.11.0/gcc_64/lib/pkgconfig/Qt6Quick3DAssetUtils.pc
2026-03-10 01:20:57,299 - aqt.updater - INFO - updater 128404800774208 Patching /opt/qt/6.11.0/gcc_64/lib/pkgconfig/Qt6LabsWavefrontMesh.pc
2026-03-10 01:20:57,300 - aqt.updater - INFO - updater 128404800774208 Patching /opt/qt/6.11.0/gcc_64/lib/pkgconfig/Qt6QuickWidgets.pc
2026-03-10 01:20:57,300 - aqt.updater - INFO - updater 128404800774208 Patching /opt/qt/6.11.0/gcc_64/lib/pkgconfig/Qt6QuickControls2Fusion.pc
2026-03-10 01:20:57,300 - aqt.updater - INFO - updater 128404800774208 Patching /opt/qt/6.11.0/gcc_64/lib/pkgconfig/Qt6QuickControls2FluentWinUI3StyleImpl.pc
2026-03-10 01:20:57,300 - aqt.updater - INFO - updater 128404800774208 Patching /opt/qt/6.11.0/gcc_64/lib/pkgconfig/Qt6Quick3DHelpersImpl.pc
2026-03-10 01:20:57,300 - aqt.updater - INFO - updater 128404800774208 Patching /opt/qt/6.11.0/gcc_64/lib/pkgconfig/Qt6Quick3DParticleEffects.pc
2026-03-10 01:20:57,301 - aqt.updater - INFO - updater 128404800774208 Patching /opt/qt/6.11.0/gcc_64/lib/pkgconfig/Qt6QmlCompiler.pc
2026-03-10 01:20:57,301 - aqt.updater - INFO - updater 128404800774208 Patching /opt/qt/6.11.0/gcc_64/lib/pkgconfig/Qt6QuickControls2MaterialStyleImpl.pc
2026-03-10 01:20:57,301 - aqt.updater - INFO - updater 128404800774208 Patching /opt/qt/6.11.0/gcc_64/lib/pkgconfig/Qt6LabsSharedImage.pc
2026-03-10 01:20:57,301 - aqt.updater - INFO - updater 128404800774208 Patching /opt/qt/6.11.0/gcc_64/lib/pkgconfig/Qt6QuickDialogs2Utils.pc
2026-03-10 01:20:57,302 - aqt.updater - INFO - updater 128404800774208 Patching /opt/qt/6.11.0/gcc_64/lib/pkgconfig/Qt6Quick3DRuntimeRender.pc
2026-03-10 01:20:57,302 - aqt.updater - INFO - updater 128404800774208 Patching /opt/qt/6.11.0/gcc_64/lib/pkgconfig/Qt6LabsPlatform.pc
2026-03-10 01:20:57,302 - aqt.updater - INFO - updater 128404800774208 Patching /opt/qt/6.11.0/gcc_64/lib/pkgconfig/Qt6Linguist.pc
2026-03-10 01:20:57,302 - aqt.updater - INFO - updater 128404800774208 Patching /opt/qt/6.11.0/gcc_64/lib/pkgconfig/Qt6QuickControls2.pc
2026-03-10 01:20:57,302 - aqt.updater - INFO - updater 128404800774208 Patching /opt/qt/6.11.0/gcc_64/lib/pkgconfig/Qt6DBus.pc
2026-03-10 01:20:57,303 - aqt.updater - INFO - updater 128404800774208 Patching /opt/qt/6.11.0/gcc_64/lib/pkgconfig/Qt6Widgets.pc
2026-03-10 01:20:57,303 - aqt.updater - INFO - updater 128404800774208 Patching /opt/qt/6.11.0/gcc_64/lib/pkgconfig/Qt6Quick.pc
2026-03-10 01:20:57,303 - aqt.updater - INFO - updater 128404800774208 Patching /opt/qt/6.11.0/gcc_64/lib/pkgconfig/Qt6Concurrent.pc
2026-03-10 01:20:57,303 - aqt.updater - INFO - updater 128404800774208 Patching /opt/qt/6.11.0/gcc_64/lib/pkgconfig/Qt6Network.pc
2026-03-10 01:20:57,304 - aqt.updater - INFO - updater 128404800774208 Patching /opt/qt/6.11.0/gcc_64/lib/pkgconfig/Qt6Core.pc
2026-03-10 01:20:57,304 - aqt.updater - INFO - updater 128404800774208 Patching /opt/qt/6.11.0/gcc_64/lib/pkgconfig/Qt6QmlMeta.pc
2026-03-10 01:20:57,304 - aqt.updater - INFO - updater 128404800774208 Patching /opt/qt/6.11.0/gcc_64/lib/pkgconfig/Qt6LabsStyleKitImpl.pc
2026-03-10 01:20:57,304 - aqt.updater - INFO - updater 128404800774208 Patching /opt/qt/6.11.0/gcc_64/lib/pkgconfig/Qt6OpenGLWidgets.pc
2026-03-10 01:20:57,304 - aqt.updater - INFO - updater 128404800774208 Patching /opt/qt/6.11.0/gcc_64/lib/pkgconfig/Qt6SvgWidgets.pc
2026-03-10 01:20:57,305 - aqt.updater - INFO - updater 128404800774208 Patching /opt/qt/6.11.0/gcc_64/lib/pkgconfig/Qt6QuickTest.pc
2026-03-10 01:20:57,305 - aqt.updater - INFO - updater 128404800774208 Patching /opt/qt/6.11.0/gcc_64/lib/pkgconfig/Qt6Designer.pc
2026-03-10 01:20:57,305 - aqt.updater - INFO - updater 128404800774208 Patching /opt/qt/6.11.0/gcc_64/lib/pkgconfig/Qt6LabsSettings.pc
2026-03-10 01:20:57,305 - aqt.updater - INFO - updater 128404800774208 Patching /opt/qt/6.11.0/gcc_64/lib/pkgconfig/Qt6QmlLocalStorage.pc
2026-03-10 01:20:57,305 - aqt.updater - INFO - updater 128404800774208 Patching /opt/qt/6.11.0/gcc_64/lib/pkgconfig/Qt6QuickControls2FusionStyleImpl.pc
2026-03-10 01:20:57,305 - aqt.updater - INFO - updater 128404800774208 Patching /opt/qt/6.11.0/gcc_64/lib/pkgconfig/Qt6Xml.pc
2026-03-10 01:20:57,306 - aqt.updater - INFO - updater 128404800774208 Patching /opt/qt/6.11.0/gcc_64/lib/pkgconfig/Qt6LabsSynchronizer.pc
2026-03-10 01:20:57,306 - aqt.updater - INFO - updater 128404800774208 Patching /opt/qt/6.11.0/gcc_64/lib/pkgconfig/Qt6QuickLayouts.pc
2026-03-10 01:20:57,306 - aqt.updater - INFO - updater 128404800774208 Patching /opt/qt/6.11.0/gcc_64/lib/pkgconfig/Qt6QuickControls2ImagineStyleImpl.pc
2026-03-10 01:20:57,306 - aqt.updater - INFO - updater 128404800774208 Patching /opt/qt/6.11.0/gcc_64/lib/pkgconfig/Qt6QmlXmlListModel.pc
2026-03-10 01:20:57,306 - aqt.updater - INFO - updater 128404800774208 Patching /opt/qt/6.11.0/gcc_64/lib/pkgconfig/Qt6QuickVectorImageHelpers.pc
2026-03-10 01:20:57,307 - aqt.updater - INFO - updater 128404800774208 Patching /opt/qt/6.11.0/gcc_64/lib/pkgconfig/Qt6WaylandClient.pc
2026-03-10 01:20:57,307 - aqt.updater - INFO - updater 128404800774208 Patching /opt/qt/6.11.0/gcc_64/lib/pkgconfig/Qt6QuickControls2Imagine.pc
2026-03-10 01:20:57,307 - aqt.updater - INFO - updater 128404800774208 Patching /opt/qt/6.11.0/gcc_64/lib/pkgconfig/Qt6QuickEffects.pc
2026-03-10 01:20:57,307 - aqt.updater - INFO - updater 128404800774208 Patching /opt/qt/6.11.0/gcc_64/lib/pkgconfig/Qt6QmlModels.pc
2026-03-10 01:20:57,307 - aqt.updater - INFO - updater 128404800774208 Patching /opt/qt/6.11.0/gcc_64/lib/pkgconfig/Qt6TaskTree.pc
2026-03-10 01:20:57,308 - aqt.updater - INFO - updater 128404800774208 Patching /opt/qt/6.11.0/gcc_64/lib/pkgconfig/Qt6Qml.pc
2026-03-10 01:20:57,308 - aqt.updater - INFO - updater 128404800774208 Patching /opt/qt/6.11.0/gcc_64/lib/pkgconfig/Qt6Quick3DAssetImport.pc
2026-03-10 01:20:57,308 - aqt.updater - INFO - updater 128404800774208 Patching /opt/qt/6.11.0/gcc_64/lib/pkgconfig/Qt6LabsAnimation.pc
2026-03-10 01:20:57,308 - aqt.updater - INFO - updater 128404800774208 Patching /opt/qt/6.11.0/gcc_64/lib/pkgconfig/Qt6QuickControls2Material.pc
2026-03-10 01:20:57,308 - aqt.updater - INFO - updater 128404800774208 Patching /opt/qt/6.11.0/gcc_64/lib/pkgconfig/Qt6LabsFolderListModel.pc
2026-03-10 01:20:57,309 - aqt.updater - INFO - updater 128404800774208 Patching /opt/qt/6.11.0/gcc_64/lib/pkgconfig/Qt6Test.pc
2026-03-10 01:20:57,309 - aqt.updater - INFO - updater 128404800774208 Patching /opt/qt/6.11.0/gcc_64/lib/pkgconfig/Qt6LabsQmlModels.pc
2026-03-10 01:20:57,309 - aqt.updater - INFO - updater 128404800774208 Patching /opt/qt/6.11.0/gcc_64/lib/pkgconfig/Qt6Help.pc
2026-03-10 01:20:57,309 - aqt.updater - INFO - updater 128404800774208 Patching /opt/qt/6.11.0/gcc_64/lib/pkgconfig/Qt6QuickControls2Basic.pc
2026-03-10 01:20:57,309 - aqt.updater - INFO - updater 128404800774208 Patching /opt/qt/6.11.0/gcc_64/lib/pkgconfig/Qt6Gui.pc
2026-03-10 01:20:57,310 - aqt.updater - INFO - updater 128404800774208 Patching /opt/qt/6.11.0/gcc_64/lib/pkgconfig/Qt6Svg.pc
2026-03-10 01:20:57,310 - aqt.updater - INFO - updater 128404800774208 Patching /opt/qt/6.11.0/gcc_64/lib/pkgconfig/Qt6QuickTemplates2.pc
2026-03-10 01:20:57,310 - aqt.updater - INFO - updater 128404800774208 Patching /opt/qt/6.11.0/gcc_64/lib/pkgconfig/Qt6Quick3DXr.pc
2026-03-10 01:20:57,310 - aqt.updater - INFO - updater 128404800774208 Patching /opt/qt/6.11.0/gcc_64/lib/pkgconfig/Qt6Quick3D.pc
2026-03-10 01:20:57,311 - aqt.updater - INFO - updater 128404800774208 Patching /opt/qt/6.11.0/gcc_64/lib/libQt6Quick3D.prl
2026-03-10 01:20:57,312 - aqt.updater - INFO - updater 128404800774208 Patching /opt/qt/6.11.0/gcc_64/lib/libQt6LabsStyleKitImpl.prl
2026-03-10 01:20:57,312 - aqt.updater - INFO - updater 128404800774208 Patching /opt/qt/6.11.0/gcc_64/lib/libQt6QmlTypeRegistrar.prl
2026-03-10 01:20:57,312 - aqt.updater - INFO - updater 128404800774208 Patching /opt/qt/6.11.0/gcc_64/lib/libQt6Quick3DHelpersImpl.prl
2026-03-10 01:20:57,312 - aqt.updater - INFO - updater 128404800774208 Patching /opt/qt/6.11.0/gcc_64/lib/libQt6QuickControls2Imagine.prl
2026-03-10 01:20:57,312 - aqt.updater - INFO - updater 128404800774208 Patching /opt/qt/6.11.0/gcc_64/lib/libQt6QuickControls2UniversalStyleImpl.prl
2026-03-10 01:20:57,312 - aqt.updater - INFO - updater 128404800774208 Patching /opt/qt/6.11.0/gcc_64/lib/libQt6QuickControls2Basic.prl
2026-03-10 01:20:57,313 - aqt.updater - INFO - updater 128404800774208 Patching /opt/qt/6.11.0/gcc_64/lib/libQt6Quick3DGlslParser.prl
2026-03-10 01:20:57,313 - aqt.updater - INFO - updater 128404800774208 Patching /opt/qt/6.11.0/gcc_64/lib/libQt6QmlDebug.prl
2026-03-10 01:20:57,313 - aqt.updater - INFO - updater 128404800774208 Patching /opt/qt/6.11.0/gcc_64/lib/libQt6QmlFormat.prl
2026-03-10 01:20:57,313 - aqt.updater - INFO - updater 128404800774208 Patching /opt/qt/6.11.0/gcc_64/lib/libQt6QuickLayouts.prl
2026-03-10 01:20:57,313 - aqt.updater - INFO - updater 128404800774208 Patching /opt/qt/6.11.0/gcc_64/lib/libQt6SvgWidgets.prl
2026-03-10 01:20:57,313 - aqt.updater - INFO - updater 128404800774208 Patching /opt/qt/6.11.0/gcc_64/lib/libQt6ShaderTools.prl
2026-03-10 01:20:57,314 - aqt.updater - INFO - updater 128404800774208 Patching /opt/qt/6.11.0/gcc_64/lib/libQt6QuickControls2Fusion.prl
2026-03-10 01:20:57,314 - aqt.updater - INFO - updater 128404800774208 Patching /opt/qt/6.11.0/gcc_64/lib/libQt6QmlAssetDownloader.prl
2026-03-10 01:20:57,314 - aqt.updater - INFO - updater 128404800774208 Patching /opt/qt/6.11.0/gcc_64/lib/libQt6Quick.prl
2026-03-10 01:20:57,314 - aqt.updater - INFO - updater 128404800774208 Patching /opt/qt/6.11.0/gcc_64/lib/libQt6LabsWavefrontMesh.prl
2026-03-10 01:20:57,315 - aqt.updater - INFO - updater 128404800774208 Patching /opt/qt/6.11.0/gcc_64/lib/libQt6LabsQmlModels.prl
2026-03-10 01:20:57,315 - aqt.updater - INFO - updater 128404800774208 Patching /opt/qt/6.11.0/gcc_64/lib/libQt6QmlCompiler.prl
2026-03-10 01:20:57,315 - aqt.updater - INFO - updater 128404800774208 Patching /opt/qt/6.11.0/gcc_64/lib/libQt6QuickControls2BasicStyleImpl.prl
2026-03-10 01:20:57,315 - aqt.updater - INFO - updater 128404800774208 Patching /opt/qt/6.11.0/gcc_64/lib/libQt6TaskTree.prl
2026-03-10 01:20:57,315 - aqt.updater - INFO - updater 128404800774208 Patching /opt/qt/6.11.0/gcc_64/lib/libQt6WaylandClient.prl
2026-03-10 01:20:57,316 - aqt.updater - INFO - updater 128404800774208 Patching /opt/qt/6.11.0/gcc_64/lib/libQt6QuickControls2MaterialStyleImpl.prl
2026-03-10 01:20:57,316 - aqt.updater - INFO - updater 128404800774208 Patching /opt/qt/6.11.0/gcc_64/lib/libQt6QmlLocalStorage.prl
2026-03-10 01:20:57,316 - aqt.updater - INFO - updater 128404800774208 Patching /opt/qt/6.11.0/gcc_64/lib/libQt6Quick3DHelpers.prl
2026-03-10 01:20:57,316 - aqt.updater - INFO - updater 128404800774208 Patching /opt/qt/6.11.0/gcc_64/lib/libQt6QuickEffects.prl
2026-03-10 01:20:57,316 - aqt.updater - INFO - updater 128404800774208 Patching /opt/qt/6.11.0/gcc_64/lib/libQt6EglFsKmsSupport.prl
2026-03-10 01:20:57,317 - aqt.updater - INFO - updater 128404800774208 Patching /opt/qt/6.11.0/gcc_64/lib/libQt6Quick3DAssetImport.prl
2026-03-10 01:20:57,317 - aqt.updater - INFO - updater 128404800774208 Patching /opt/qt/6.11.0/gcc_64/lib/libQt6QuickControls2Impl.prl
2026-03-10 01:20:57,317 - aqt.updater - INFO - updater 128404800774208 Patching /opt/qt/6.11.0/gcc_64/lib/libQt6Gui.prl
2026-03-10 01:20:57,317 - aqt.updater - INFO - updater 128404800774208 Patching /opt/qt/6.11.0/gcc_64/lib/libQt6DesignerComponents.prl
2026-03-10 01:20:57,317 - aqt.updater - INFO - updater 128404800774208 Patching /opt/qt/6.11.0/gcc_64/lib/libQt6QuickControls2FusionStyleImpl.prl
2026-03-10 01:20:57,318 - aqt.updater - INFO - updater 128404800774208 Patching /opt/qt/6.11.0/gcc_64/lib/libQt6QuickControls2Material.prl
2026-03-10 01:20:57,318 - aqt.updater - INFO - updater 128404800774208 Patching /opt/qt/6.11.0/gcc_64/lib/libQt6LabsFolderListModel.prl
2026-03-10 01:20:57,318 - aqt.updater - INFO - updater 128404800774208 Patching /opt/qt/6.11.0/gcc_64/lib/libQt6WlShellIntegration.prl
2026-03-10 01:20:57,318 - aqt.updater - INFO - updater 128404800774208 Patching /opt/qt/6.11.0/gcc_64/lib/libQt6QuickDialogs2Utils.prl
2026-03-10 01:20:57,318 - aqt.updater - INFO - updater 128404800774208 Patching /opt/qt/6.11.0/gcc_64/lib/libQt6Quick3DEffects.prl
2026-03-10 01:20:57,319 - aqt.updater - INFO - updater 128404800774208 Patching /opt/qt/6.11.0/gcc_64/lib/libQt6QuickVectorImageGenerator.prl
2026-03-10 01:20:57,319 - aqt.updater - INFO - updater 128404800774208 Patching /opt/qt/6.11.0/gcc_64/lib/libQt6LabsPlatform.prl
2026-03-10 01:20:57,319 - aqt.updater - INFO - updater 128404800774208 Patching /opt/qt/6.11.0/gcc_64/lib/libQt6QmlXmlListModel.prl
2026-03-10 01:20:57,319 - aqt.updater - INFO - updater 128404800774208 Patching /opt/qt/6.11.0/gcc_64/lib/libQt6EglFSDeviceIntegration.prl
2026-03-10 01:20:57,319 - aqt.updater - INFO - updater 128404800774208 Patching /opt/qt/6.11.0/gcc_64/lib/libQt6LabsAnimation.prl
2026-03-10 01:20:57,320 - aqt.updater - INFO - updater 128404800774208 Patching /opt/qt/6.11.0/gcc_64/lib/libQt6QuickControls2FluentWinUI3StyleImpl.prl
2026-03-10 01:20:57,320 - aqt.updater - INFO - updater 128404800774208 Patching /opt/qt/6.11.0/gcc_64/lib/libQt6OpenGLWidgets.prl
2026-03-10 01:20:57,320 - aqt.updater - INFO - updater 128404800774208 Patching /opt/qt/6.11.0/gcc_64/lib/libQt6Quick3DRuntimeRender.prl
2026-03-10 01:20:57,320 - aqt.updater - INFO - updater 128404800774208 Patching /opt/qt/6.11.0/gcc_64/lib/libQt6QmlMeta.prl
2026-03-10 01:20:57,320 - aqt.updater - INFO - updater 128404800774208 Patching /opt/qt/6.11.0/gcc_64/lib/libQt6QmlCore.prl
2026-03-10 01:20:57,321 - aqt.updater - INFO - updater 128404800774208 Patching /opt/qt/6.11.0/gcc_64/lib/libQt6Xml.prl
2026-03-10 01:20:57,321 - aqt.updater - INFO - updater 128404800774208 Patching /opt/qt/6.11.0/gcc_64/lib/libQt6QuickControls2ImagineStyleImpl.prl
2026-03-10 01:20:57,321 - aqt.updater - INFO - updater 128404800774208 Patching /opt/qt/6.11.0/gcc_64/lib/libQt6QmlToolingSettings.prl
2026-03-10 01:20:57,321 - aqt.updater - INFO - updater 128404800774208 Patching /opt/qt/6.11.0/gcc_64/lib/libQt6Quick3DIblBaker.prl
2026-03-10 01:20:57,321 - aqt.updater - INFO - updater 128404800774208 Patching /opt/qt/6.11.0/gcc_64/lib/libQt6LabsSharedImage.prl
2026-03-10 01:20:57,322 - aqt.updater - INFO - updater 128404800774208 Patching /opt/qt/6.11.0/gcc_64/lib/libQt6Quick3DXr.prl
2026-03-10 01:20:57,322 - aqt.updater - INFO - updater 128404800774208 Patching /opt/qt/6.11.0/gcc_64/lib/libQt6EglFsKmsGbmSupport.prl
2026-03-10 01:20:57,322 - aqt.updater - INFO - updater 128404800774208 Patching /opt/qt/6.11.0/gcc_64/lib/libQt6QuickVectorImage.prl
2026-03-10 01:20:57,322 - aqt.updater - INFO - updater 128404800774208 Patching /opt/qt/6.11.0/gcc_64/lib/libQt6Core.prl
2026-03-10 01:20:57,322 - aqt.updater - INFO - updater 128404800774208 Patching /opt/qt/6.11.0/gcc_64/lib/libQt6QuickControls2.prl
2026-03-10 01:20:57,323 - aqt.updater - INFO - updater 128404800774208 Patching /opt/qt/6.11.0/gcc_64/lib/libQt6Designer.prl
2026-03-10 01:20:57,323 - aqt.updater - INFO - updater 128404800774208 Patching /opt/qt/6.11.0/gcc_64/lib/libQt6XcbQpa.prl
2026-03-10 01:20:57,323 - aqt.updater - INFO - updater 128404800774208 Patching /opt/qt/6.11.0/gcc_64/lib/libQt6QmlLS.prl
2026-03-10 01:20:57,323 - aqt.updater - INFO - updater 128404800774208 Patching /opt/qt/6.11.0/gcc_64/lib/libQt6LabsSynchronizer.prl
2026-03-10 01:20:57,323 - aqt.updater - INFO - updater 128404800774208 Patching /opt/qt/6.11.0/gcc_64/lib/libQt6QuickDialogs2.prl
2026-03-10 01:20:57,324 - aqt.updater - INFO - updater 128404800774208 Patching /opt/qt/6.11.0/gcc_64/lib/libQt6QmlDom.prl
2026-03-10 01:20:57,324 - aqt.updater - INFO - updater 128404800774208 Patching /opt/qt/6.11.0/gcc_64/lib/libQt6QuickDialogs2QuickImpl.prl
2026-03-10 01:20:57,324 - aqt.updater - INFO - updater 128404800774208 Patching /opt/qt/6.11.0/gcc_64/lib/libQt6QuickParticles.prl
2026-03-10 01:20:57,324 - aqt.updater - INFO - updater 128404800774208 Patching /opt/qt/6.11.0/gcc_64/lib/libQt6Quick3DUtils.prl
2026-03-10 01:20:57,324 - aqt.updater - INFO - updater 128404800774208 Patching /opt/qt/6.11.0/gcc_64/lib/libQt6FbSupport.prl
2026-03-10 01:20:57,325 - aqt.updater - INFO - updater 128404800774208 Patching /opt/qt/6.11.0/gcc_64/lib/libQt6Help.prl
2026-03-10 01:20:57,325 - aqt.updater - INFO - updater 128404800774208 Patching /opt/qt/6.11.0/gcc_64/lib/libQt6Network.prl
2026-03-10 01:20:57,325 - aqt.updater - INFO - updater 128404800774208 Patching /opt/qt/6.11.0/gcc_64/lib/libQt6QuickWidgets.prl
2026-03-10 01:20:57,325 - aqt.updater - INFO - updater 128404800774208 Patching /opt/qt/6.11.0/gcc_64/lib/libQt6PacketProtocol.prl
2026-03-10 01:20:57,325 - aqt.updater - INFO - updater 128404800774208 Patching /opt/qt/6.11.0/gcc_64/lib/libQt6DeviceDiscoverySupport.prl
2026-03-10 01:20:57,326 - aqt.updater - INFO - updater 128404800774208 Patching /opt/qt/6.11.0/gcc_64/lib/libQt6QuickVectorImageHelpers.prl
2026-03-10 01:20:57,326 - aqt.updater - INFO - updater 128404800774208 Patching /opt/qt/6.11.0/gcc_64/lib/libQt6QuickShapes.prl
2026-03-10 01:20:57,326 - aqt.updater - INFO - updater 128404800774208 Patching /opt/qt/6.11.0/gcc_64/lib/libQt6QuickTestUtils.prl
2026-03-10 01:20:57,326 - aqt.updater - INFO - updater 128404800774208 Patching /opt/qt/6.11.0/gcc_64/lib/libQt6QuickShapesDesignHelpers.prl
2026-03-10 01:20:57,326 - aqt.updater - INFO - updater 128404800774208 Patching /opt/qt/6.11.0/gcc_64/lib/libQt6Quick3DParticles.prl
2026-03-10 01:20:57,327 - aqt.updater - INFO - updater 128404800774208 Patching /opt/qt/6.11.0/gcc_64/lib/libQt6QuickControls2Universal.prl
2026-03-10 01:20:57,327 - aqt.updater - INFO - updater 128404800774208 Patching /opt/qt/6.11.0/gcc_64/lib/libQt6Concurrent.prl
2026-03-10 01:20:57,327 - aqt.updater - INFO - updater 128404800774208 Patching /opt/qt/6.11.0/gcc_64/lib/libQt6Test.prl
2026-03-10 01:20:57,327 - aqt.updater - INFO - updater 128404800774208 Patching /opt/qt/6.11.0/gcc_64/lib/libQt6QmlModels.prl
2026-03-10 01:20:57,327 - aqt.updater - INFO - updater 128404800774208 Patching /opt/qt/6.11.0/gcc_64/lib/libQt6Qml.prl
2026-03-10 01:20:57,328 - aqt.updater - INFO - updater 128404800774208 Patching /opt/qt/6.11.0/gcc_64/lib/libQt6QmlWorkerScript.prl
2026-03-10 01:20:57,328 - aqt.updater - INFO - updater 128404800774208 Patching /opt/qt/6.11.0/gcc_64/lib/libQt6QuickTemplates2.prl
2026-03-10 01:20:57,328 - aqt.updater - INFO - updater 128404800774208 Patching /opt/qt/6.11.0/gcc_64/lib/libQt6PrintSupport.prl
2026-03-10 01:20:57,328 - aqt.updater - INFO - updater 128404800774208 Patching /opt/qt/6.11.0/gcc_64/lib/libQt6OpenGL.prl
2026-03-10 01:20:57,328 - aqt.updater - INFO - updater 128404800774208 Patching /opt/qt/6.11.0/gcc_64/lib/libQt6KmsSupport.prl
2026-03-10 01:20:57,329 - aqt.updater - INFO - updater 128404800774208 Patching /opt/qt/6.11.0/gcc_64/lib/libQt6UiTools.prl
2026-03-10 01:20:57,329 - aqt.updater - INFO - updater 128404800774208 Patching /opt/qt/6.11.0/gcc_64/lib/libQt6Quick3DParticleEffects.prl
2026-03-10 01:20:57,329 - aqt.updater - INFO - updater 128404800774208 Patching /opt/qt/6.11.0/gcc_64/lib/libQt6Quick3DAssetUtils.prl
2026-03-10 01:20:57,329 - aqt.updater - INFO - updater 128404800774208 Patching /opt/qt/6.11.0/gcc_64/lib/libQt6LabsSettings.prl
2026-03-10 01:20:57,329 - aqt.updater - INFO - updater 128404800774208 Patching /opt/qt/6.11.0/gcc_64/lib/libQt6QuickControlsTestUtils.prl
2026-03-10 01:20:57,330 - aqt.updater - INFO - updater 128404800774208 Patching /opt/qt/6.11.0/gcc_64/lib/libQt6LabsStyleKit.prl
2026-03-10 01:20:57,330 - aqt.updater - INFO - updater 128404800774208 Patching /opt/qt/6.11.0/gcc_64/lib/libQt6Sql.prl
2026-03-10 01:20:57,330 - aqt.updater - INFO - updater 128404800774208 Patching /opt/qt/6.11.0/gcc_64/lib/libQt6DBus.prl
2026-03-10 01:20:57,330 - aqt.updater - INFO - updater 128404800774208 Patching /opt/qt/6.11.0/gcc_64/lib/libQt6QmlNetwork.prl
2026-03-10 01:20:57,331 - aqt.updater - INFO - updater 128404800774208 Patching /opt/qt/6.11.0/gcc_64/lib/libQt6InputSupport.prl
2026-03-10 01:20:57,331 - aqt.updater - INFO - updater 128404800774208 Patching /opt/qt/6.11.0/gcc_64/lib/libQt6Svg.prl
2026-03-10 01:20:57,331 - aqt.updater - INFO - updater 128404800774208 Patching /opt/qt/6.11.0/gcc_64/lib/libQt6QuickTest.prl
2026-03-10 01:20:57,331 - aqt.updater - INFO - updater 128404800774208 Patching /opt/qt/6.11.0/gcc_64/lib/libQt6Widgets.prl
2026-03-10 01:20:57,331 - aqt.main - INFO - installer 128404800774208 Finished installation
2026-03-10 01:20:57,331 - aqt.main - INFO - installer 128404800774208 Time elapsed: 22.63815697 second
